###############################################################################
#                                                                             #
# IAR ELF Linker V5.41.0.51741/W32 for ARM              15/Jul/2011  15:09:44 #
# Copyright (C) 2007-2009 IAR Systems AB.                                     #
#                                                                             #
#    Output file  =  C:\Documents and Settings\Administrator\×ÀÃæ\2010Äêµç×ÓÉ #
#                    è¼Æ²ÎÈü³ÌÐò\×îÖÕ³ÌÐò ËÞÉá1\Debug\Exe\Demo.out            #
#    Map file     =  C:\Documents and Settings\Administrator\×ÀÃæ\2010Äêµç×ÓÉ #
#                    è¼Æ²ÎÈü³ÌÐò\×îÖÕ³ÌÐò ËÞÉá1\Debug\List\Demo.map           #
#    Command line =  "C:\Documents and Settings\Administrator\×ÀÃæ\2010Äêµç×Ó #
#                    Éè¼Æ²ÎÈü³ÌÐò\×îÖÕ³ÌÐò ËÞÉá1\Debug\Obj\LCD12864.o"        #
#                    "C:\Documents and Settings\Administrator\×ÀÃæ\2010Äêµç×Ó #
#                    Éè¼Æ²ÎÈü³ÌÐò\×îÖÕ³ÌÐò ËÞÉá1\Debug\Obj\NRF24L01.o"        #
#                    "C:\Documents and Settings\Administrator\×ÀÃæ\2010Äêµç×Ó #
#                    Éè¼Æ²ÎÈü³ÌÐò\×îÖÕ³ÌÐò ËÞÉá1\Debug\Obj\ZLG7289.o"         #
#                    "C:\Documents and Settings\Administrator\×ÀÃæ\2010Äêµç×Ó #
#                    Éè¼Æ²ÎÈü³ÌÐò\×îÖÕ³ÌÐò ËÞÉá1\Debug\Obj\buzzer.o"          #
#                    "C:\Documents and Settings\Administrator\×ÀÃæ\2010Äêµç×Ó #
#                    Éè¼Æ²ÎÈü³ÌÐò\×îÖÕ³ÌÐò ËÞÉá1\Debug\Obj\count.o"           #
#                    "C:\Documents and Settings\Administrator\×ÀÃæ\2010Äêµç×Ó #
#                    Éè¼Æ²ÎÈü³ÌÐò\×îÖÕ³ÌÐò ËÞÉá1\Debug\Obj\human.o"           #
#                    "C:\Documents and Settings\Administrator\×ÀÃæ\2010Äêµç×Ó #
#                    Éè¼Æ²ÎÈü³ÌÐò\×îÖÕ³ÌÐò ËÞÉá1\Debug\Obj\main.o"            #
#                    "C:\Documents and Settings\Administrator\×ÀÃæ\2010Äêµç×Ó #
#                    Éè¼Æ²ÎÈü³ÌÐò\×îÖÕ³ÌÐò ËÞÉá1\Debug\Obj\melt.o"            #
#                    "C:\Documents and Settings\Administrator\×ÀÃæ\2010Äêµç×Ó #
#                    Éè¼Æ²ÎÈü³ÌÐò\×îÖÕ³ÌÐò ËÞÉá1\Debug\Obj\mq.o"              #
#                    "C:\Documents and Settings\Administrator\×ÀÃæ\2010Äêµç×Ó #
#                    Éè¼Æ²ÎÈü³ÌÐò\×îÖÕ³ÌÐò ËÞÉá1\Debug\Obj\password.o"        #
#                    "C:\Documents and Settings\Administrator\×ÀÃæ\2010Äêµç×Ó #
#                    Éè¼Æ²ÎÈü³ÌÐò\×îÖÕ³ÌÐò ËÞÉá1\Debug\Obj\setMode.o"         #
#                    "C:\Documents and Settings\Administrator\×ÀÃæ\2010Äêµç×Ó #
#                    Éè¼Æ²ÎÈü³ÌÐò\×îÖÕ³ÌÐò ËÞÉá1\Debug\Obj\startup_ewarm.o"   #
#                    "C:\Documents and Settings\Administrator\×ÀÃæ\2010Äêµç×Ó #
#                    Éè¼Æ²ÎÈü³ÌÐò\×îÖÕ³ÌÐò ËÞÉá1\Debug\Obj\systemInit.o"      #
#                    "C:\Documents and Settings\Administrator\×ÀÃæ\2010Äêµç×Ó #
#                    Éè¼Æ²ÎÈü³ÌÐò\×îÖÕ³ÌÐò ËÞÉá1\Debug\Obj\temp.o"            #
#                    "C:\Documents and Settings\Administrator\×ÀÃæ\2010Äêµç×Ó #
#                    Éè¼Æ²ÎÈü³ÌÐò\×îÖÕ³ÌÐò ËÞÉá1\Debug\Obj\tick.o"            #
#                    "C:\Documents and Settings\Administrator\×ÀÃæ\2010Äêµç×Ó #
#                    Éè¼Æ²ÎÈü³ÌÐò\×îÖÕ³ÌÐò ËÞÉá1\Debug\Obj\uartGetPut.o"      #
#                    "C:\Program Files\IAR Systems\Embedded Workbench         #
#                    5.4\arm\lib\Luminary\driverlib.a" -o "C:\Documents and   #
#                    Settings\Administrator\×ÀÃæ\2010Äêµç×ÓÉè¼Æ²ÎÈü³ÌÐò\×îÖÕ³ #
#                    ÌÐò ËÞÉá1\Debug\Exe\Demo.out" --map "C:\Documents and    #
#                    Settings\Administrator\×ÀÃæ\2010Äêµç×ÓÉè¼Æ²ÎÈü³ÌÐò\×îÖÕ³ #
#                    ÌÐò ËÞÉá1\Debug\List\Demo.map" --config "C:\Program      #
#                    Files\IAR Systems\Embedded Workbench                     #
#                    5.4\arm\config\Luminary\LM3S.icf" --semihosting --entry  #
#                    __iar_program_start                                      #
#                                                                             #
#                                                                             #
###############################################################################

*******************************************************************************
*** RUNTIME MODEL ATTRIBUTES
***

__endian      = little
__thumb_aware = enabled


*******************************************************************************
*** PLACEMENT SUMMARY
***

"A1":  place at start of [0x00000000-0x0003ffff] { ro section .intvec };
"P1":  place in [from 0x00000000 to 0x0003ffff] { ro };
"P2":  place in [from 0x20000000 to 0x2000ffff] { rw, block HEAP };

  Section            Kind        Address    Size  Object
  -------            ----        -------    ----  ------
"A1":                                      0x100
  .intvec            const    0x00000000   0x100  startup_ewarm.o [1]
                            - 0x00000100   0x100

"P1":                                     0x49d4
  .text              ro code  0x00000100   0xf1c  main.o [1]
  .text              ro code  0x0000101c   0xcc2  xprintffull.o [3]
  .text              ro code  0x00001ce0   0x548  NRF24L01.o [1]
  .text              ro code  0x00002228   0x364  sysctl.o [4]
  .text              ro code  0x0000258c   0x31c  temp.o [1]
  .text              ro code  0x000028a8   0x2c8  gpio.o [4]
  .text              ro code  0x00002b70   0x2c4  LCD12864.o [1]
  .text              ro code  0x00002e34   0x246  DblDiv.o [5]
  .text              ro code  0x0000307c   0x1ec  count.o [1]
  .text              ro code  0x00003268   0x1a2  DblMul.o [5]
  .text              ro code  0x0000340c   0x190  ZLG7289.o [1]
  .text              ro code  0x0000359c   0x17e  DblSub.o [5]
  .text              ro code  0x0000371c   0x168  tick.o [1]
  .text              ro code  0x00003884   0x160  mq.o [1]
  .text              ro code  0x000039e4   0x12e  I64DivMod.o [5]
  .text              ro code  0x00003b14   0x108  xdscale.o [3]
  .text              ro code  0x00003c1c    0xfc  human.o [1]
  .text              ro code  0x00003d18    0xf4  setMode.o [1]
  .text              ro code  0x00003e0c    0xe8  adc.o [4]
  .text              ro code  0x00003ef4    0xe6  DblAdd.o [5]
  .text              ro code  0x00003fda    0xc6  xdnorm.o [3]
  .text              ro code  0x000040a0    0xa8  buzzer.o [1]
  .text              ro code  0x00004148    0x88  interrupt.o [4]
  .text              ro code  0x000041d0    0x80  password.o [1]
  .text              ro code  0x00004250    0x74  ssi.o [4]
  .text              ro code  0x000042c4    0x70  ABImemcpy.o [5]
  .text              ro code  0x00004334    0x6c  uart.o [4]
  .text              ro code  0x000043a0    0x60  timer.o [4]
  .rodata            const    0x00004400    0x5c  sysctl.o [4]
  .text              ro code  0x0000445c    0x58  memchr.o [5]
  .text              ro code  0x000044b4    0x56  DblToI32.o [5]
  .text              ro code  0x0000450c    0x50  systemInit.o [1]
  .text              ro code  0x0000455c    0x40  uartGetPut.o [1]
  .text              ro code  0x0000459c    0x36  strlen.o [5]
  .text              ro code  0x000045d4    0x30  systick.o [4]
  .text              ro code  0x00004604    0x30  sprintf.o [3]
  .text              ro code  0x00004634    0x2e  DblCmpLe.o [5]
  .text              ro code  0x00004664    0x2e  DblCmpGe.o [5]
  .text              ro code  0x00004694    0x2e  I32ToDbl.o [5]
  .text              ro code  0x000046c2    0x24  copy_init2.o [5]
  .iar.init_table    const    0x000046e8    0x24  - Linker created -
  .text              ro code  0x0000470c    0x20  data_init2.o [5]
  .text              ro code  0x0000472c    0x1c  melt.o [1]
  .text              ro code  0x00004748    0x1c  iarwstd.o [6]
  .text              ro code  0x00004764    0x1a  zero_init2.o [5]
  .rodata            const    0x00004780    0x18  NRF24L01.o [1]
  .text              ro code  0x00004798    0x18  cmain.o [5]
  .text              ro code  0x000047b0    0x16  strchr.o [5]
  .rodata            const    0x000047c8    0x14  main.o [1]
  .rodata            const    0x000047dc    0x14  main.o [1]
  .rodata            const    0x000047f0    0x14  main.o [1]
  .rodata            const    0x00004804    0x14  tick.o [1]
  .text              ro code  0x00004818    0x14  exit.o [6]
  CODE               ro code  0x0000482c    0x14  cpu.o [4]
  .rodata            const    0x00004840    0x10  main.o [1]
  .rodata            const    0x00004850    0x10  main.o [1]
  .rodata            const    0x00004860    0x10  main.o [1]
  .rodata            const    0x00004870    0x10  main.o [1]
  .rodata            const    0x00004880    0x10  main.o [1]
  .rodata            const    0x00004890    0x10  main.o [1]
  .rodata            const    0x000048a0    0x10  main.o [1]
  .rodata            const    0x000048b0    0x10  main.o [1]
  .rodata            const    0x000048c0    0x10  main.o [1]
  .rodata            const    0x000048d0    0x10  main.o [1]
  .rodata            const    0x000048e0    0x10  setMode.o [1]
  .rodata            const    0x000048f0    0x10  setMode.o [1]
  .text              ro code  0x00004900     0xe  div.o [3]
  .rodata            const    0x00004910     0xc  count.o [1]
  .rodata            const    0x0000491c     0xc  human.o [1]
  .rodata            const    0x00004928     0xc  main.o [1]
  .rodata            const    0x00004934     0xc  main.o [1]
  .rodata            const    0x00004940     0xc  main.o [1]
  .rodata            const    0x0000494c     0xc  main.o [1]
  .rodata            const    0x00004958     0xc  main.o [1]
  .rodata            const    0x00004964     0xc  main.o [1]
  .rodata            const    0x00004970     0xc  main.o [1]
  .rodata            const    0x0000497c     0xc  main.o [1]
  .rodata            const    0x00004988     0xc  main.o [1]
  .rodata            const    0x00004994     0xc  main.o [1]
  .rodata            const    0x000049a0     0xc  main.o [1]
  .rodata            const    0x000049ac     0xc  main.o [1]
  .rodata            const    0x000049b8     0xc  main.o [1]
  .rodata            const    0x000049c4     0xc  main.o [1]
  .rodata            const    0x000049d0     0xc  main.o [1]
  .rodata            const    0x000049dc     0xc  main.o [1]
  .rodata            const    0x000049e8     0xc  main.o [1]
  .rodata            const    0x000049f4     0xc  main.o [1]
  .rodata            const    0x00004a00     0xc  main.o [1]
  .rodata            const    0x00004a0c     0xc  main.o [1]
  .rodata            const    0x00004a18     0xc  mq.o [1]
  .rodata            const    0x00004a24     0xc  password.o [1]
  .rodata            const    0x00004a30     0xc  password.o [1]
  .rodata            const    0x00004a3c     0xc  sysctl.o [4]
  .text              ro code  0x00004a48     0xc  I32DivMod.o [5]
  .text              ro code  0x00004a54     0xa  cexit.o [5]
  .text              ro code  0x00004a5e     0xa  xsprout.o [3]
  .rodata            const    0x00004a68     0x8  count.o [1]
  .rodata            const    0x00004a70     0x8  count.o [1]
  .rodata            const    0x00004a78     0x8  tick.o [1]
  .rodata            const    0x00004a80     0x8  xprintffull.o [3]
  .text              ro code  0x00004a88     0x6  startup_ewarm.o [1]
  .text              ro code  0x00004a8e     0x6  exit.o [3]
  .text              ro code  0x00004a94     0x2  I64DivZer.o [5]
  .text              ro code  0x00004a96     0x4  low_level_init.o [3]
  Initializer bytes  ro data  0x00004a9c    0x38  <for P2 s0> (used: 0x37)
                            - 0x00004ad4  0x49d4

"P2", part 1 of 3:                         0x400
  .noinit            uninit   0x20000000   0x400  startup_ewarm.o [1]
                            - 0x20000400   0x400

"P2", part 2 of 3:                          0x38
  P2 s0                       0x20000400    0x38  <Init block>
    .data            inited   0x20000400    0x14  main.o [1]
    .data            inited   0x20000414     0x8  NRF24L01.o [1]
    .data            inited   0x2000041c     0x4  main.o [1]
    .data            inited   0x20000420     0x4  main.o [1]
    .data            inited   0x20000424     0x4  main.o [1]
    .data            inited   0x20000428     0x4  systemInit.o [1]
    .data            inited   0x2000042c     0x2  main.o [1]
    .data            inited   0x2000042e     0x2  main.o [1]
    .data            inited   0x20000430     0x2  main.o [1]
    .data            inited   0x20000432     0x2  main.o [1]
    .data            inited   0x20000434     0x2  password.o [1]
    .data            inited   0x20000436     0x1  main.o [1]
                            - 0x20000438    0x38

"P2", part 3 of 3:                          0xc8
  .bss               zero     0x20000438    0x20  tick.o [1]
  .bss               zero     0x20000458    0x14  NRF24L01.o [1]
  .bss               zero     0x2000046c    0x14  NRF24L01.o [1]
  .bss               zero     0x20000480     0xc  NRF24L01.o [1]
  .bss               zero     0x2000048c     0xc  NRF24L01.o [1]
  .bss               zero     0x20000498     0xc  NRF24L01.o [1]
  .bss               zero     0x200004a4     0xc  NRF24L01.o [1]
  .bss               zero     0x200004b0     0xc  count.o [1]
  .bss               zero     0x200004bc     0xc  main.o [1]
  .bss               zero     0x200004c8     0x8  temp.o [1]
  .bss               zero     0x200004d0     0x4  count.o [1]
  .bss               zero     0x200004d4     0x4  count.o [1]
  .bss               zero     0x200004d8     0x4  count.o [1]
  .bss               zero     0x200004dc     0x4  count.o [1]
  .bss               zero     0x200004e0     0x4  main.o [1]
  .bss               zero     0x200004e4     0x4  temp.o [1]
  .bss               zero     0x200004e8     0x4  temp.o [1]
  .bss               zero     0x200004ec     0x4  tick.o [1]
  .bss               zero     0x200004f0     0x4  iarwstd.o [6]
  .bss               zero     0x200004f4     0x2  main.o [1]
  .bss               zero     0x200004f6     0x1  NRF24L01.o [1]
  .bss               zero     0x200004f7     0x1  human.o [1]
  .bss               zero     0x200004f8     0x1  human.o [1]
  .bss               zero     0x200004f9     0x1  main.o [1]
  .bss               zero     0x200004fa     0x1  main.o [1]
  .bss               zero     0x200004fb     0x1  mq.o [1]
  .bss               zero     0x200004fc     0x1  mq.o [1]
  .bss               zero     0x200004fd     0x1  setMode.o [1]
  .bss               zero     0x200004fe     0x1  setMode.o [1]
  .bss               zero     0x200004ff     0x1  tick.o [1]
                            - 0x20000500    0xc8


*******************************************************************************
*** INIT TABLE
***

          Address     Size
          -------     ----
Zero (__iar_zero_init2)
    1 destination range, total size 0xc8:
          0x20000438  0xc8

Copy (__iar_copy_init2)
    1 source range, total size 0x38 (101% of destination):
          0x00004a9c  0x38
    1 destination range, total size 0x37:
          0x20000400  0x37


*******************************************************************************
*** MODULE SUMMARY
***

    Module            ro code  ro data  rw data
    ------            -------  -------  -------
C:\Documents and Settings\Administrator\×ÀÃæ\2010Äêµç×ÓÉè¼Æ²ÎÈü³ÌÐò\×îÖÕ³ÌÐò ËÞÉá1\Debug\Obj: [1]
    LCD12864.o            708
    NRF24L01.o          1 352       32       97
    ZLG7289.o             400
    buzzer.o              168
    count.o               492       28       28
    human.o               252       12        2
    main.o              3 868      501       61
    melt.o                 28
    mq.o                  352       12        2
    password.o            128       26        2
    setMode.o             244       32        2
    startup_ewarm.o         6      256    1 024
    systemInit.o           80        4        4
    temp.o                796                16
    tick.o                360       28       37
    uartGetPut.o           64
    -------------------------------------------
    Total:              9 298      931    1 275

command line: [2]
    -------------------------------------------
    Total:

dl7M_tl_in.a: [3]
    div.o                  14
    exit.o                  6
    low_level_init.o        4
    sprintf.o              48
    xdnorm.o              198
    xdscale.o             264
    xprintffull.o       3 266        8
    xsprout.o              10
    -------------------------------------------
    Total:              3 810        8

driverlib.a: [4]
    adc.o                 232
    cpu.o                  20
    gpio.o                712
    interrupt.o           136
    ssi.o                 116
    sysctl.o              868      104
    systick.o              48
    timer.o                96
    uart.o                108
    -------------------------------------------
    Total:              2 336      104

rt7M_tl.a: [5]
    ABImemcpy.o           112
    DblAdd.o              230
    DblCmpGe.o             46
    DblCmpLe.o             46
    DblDiv.o              582
    DblMul.o              418
    DblSub.o              382
    DblToI32.o             86
    I32DivMod.o            12
    I32ToDbl.o             46
    I64DivMod.o           302
    I64DivZer.o             2
    cexit.o                10
    cmain.o                24
    copy_init2.o           36
    data_init2.o           32
    memchr.o               88
    strchr.o               22
    strlen.o               54
    zero_init2.o           26
    -------------------------------------------
    Total:              2 556

shb_l.a: [6]
    exit.o                 20
    iarwstd.o              28                 4
    -------------------------------------------
    Total:                 48                 4

    Gaps                   18        8        1
    Linker created                  39
-----------------------------------------------
    Grand Total:       18 066    1 090    1 280


*******************************************************************************
*** ENTRY LIST
***

Entry                      Address   Size  Type      Object
-----                      -------   ----  ----      ------
ADCIntClear             0x00003e3d    0x8  Code  Gb  adc.o [4]
ADCIntEnable            0x00003e0d   0x12  Code  Gb  adc.o [4]
ADCIntStatus            0x00003e21   0x1a  Code  Gb  adc.o [4]
ADCProcessorTrigger     0x00003eed    0x8  Code  Gb  adc.o [4]
ADCSequenceConfigure    0x00003e5d   0x2e  Code  Gb  adc.o [4]
ADCSequenceDataGet      0x00003ec9   0x22  Code  Gb  adc.o [4]
ADCSequenceDisable      0x00003e51    0xc  Code  Gb  adc.o [4]
ADCSequenceEnable       0x00003e45    0xc  Code  Gb  adc.o [4]
ADCSequenceStepConfigure
                        0x00003e8d   0x3a  Code  Gb  adc.o [4]
ADC_EndFlag             0x200004fb    0x1  Data  Gb  mq.o [1]
ADC_Sequence_0_ISR      0x000039a7   0x22  Code  Gb  mq.o [1]
Alarm                   0x00000f25   0x28  Code  Gb  main.o [1]
BZ_Init                 0x0000307d   0x48  Code  Gb  count.o [1]
CE                      0x2000048c    0xc  Data  Gb  NRF24L01.o [1]
CPUcpsid                0x0000482d         Code  Gb  cpu.o [4]
CPUcpsie                0x00004835         Code  Gb  cpu.o [4]
CPUwfi                  0x0000483d         Code  Gb  cpu.o [4]
CSN                     0x20000498    0xc  Data  Gb  NRF24L01.o [1]
CheckPwd                0x000041d1   0x80  Code  Gb  password.o [1]
FaultISR                0x00004a8b    0x2  Code  Lc  startup_ewarm.o [1]
FoundFire               0x200004fc    0x1  Data  Gb  mq.o [1]
FoundThief              0x200004f8    0x1  Data  Gb  human.o [1]
GPIODirModeSet          0x000028a9   0x4c  Code  Gb  gpio.o [4]
GPIOIntTypeSet          0x000028f5   0x62  Code  Gb  gpio.o [4]
GPIOPadConfigSet        0x00002959  0x11e  Code  Gb  gpio.o [4]
GPIOPinIntClear         0x00002aa1    0x8  Code  Gb  gpio.o [4]
GPIOPinIntEnable        0x00002a79   0x12  Code  Gb  gpio.o [4]
GPIOPinIntStatus        0x00002a8d   0x14  Code  Gb  gpio.o [4]
GPIOPinRead             0x00002aa9    0x8  Code  Gb  gpio.o [4]
GPIOPinTypeGPIOInput    0x00002abd   0x24  Code  Gb  gpio.o [4]
GPIOPinTypeGPIOOutput   0x00002ae1   0x24  Code  Gb  gpio.o [4]
GPIOPinTypeSSI          0x00002b05   0x24  Code  Gb  gpio.o [4]
GPIOPinTypeTimer        0x00002b29   0x24  Code  Gb  gpio.o [4]
GPIOPinTypeUART         0x00002b4d   0x24  Code  Gb  gpio.o [4]
GPIOPinWrite            0x00002ab1    0xa  Code  Gb  gpio.o [4]
GPIO_Port_A_ISR         0x00002035   0x60  Code  Gb  NRF24L01.o [1]
GPIO_Port_E_ISR         0x00000101   0xd2  Code  Gb  main.o [1]
GPIO_Port_F_ISR         0x000030c5  0x176  Code  Gb  count.o [1]
IRQ                     0x200004a4    0xc  Data  Gb  NRF24L01.o [1]
Init_18B20              0x0000258d   0x7a  Code  Gb  temp.o [1]
IntDefaultHandler       0x00004a8d    0x2  Code  Lc  startup_ewarm.o [1]
IntEnable               0x00004155   0x74  Code  Gb  interrupt.o [4]
IntMasterEnable         0x00004149    0xc  Code  Gb  interrupt.o [4]
LedInit                 0x00002095   0x1c  Code  Gb  NRF24L01.o [1]
LedOff                  0x000020bf    0xe  Code  Gb  NRF24L01.o [1]
LedOn                   0x000020b1    0xe  Code  Gb  NRF24L01.o [1]
NRF_IO_Clr              0x00001d21   0x10  Code  Gb  NRF24L01.o [1]
NRF_IO_Enable           0x00001ce9    0xc  Code  Gb  NRF24L01.o [1]
NRF_IO_In               0x00001cf5    0xe  Code  Gb  NRF24L01.o [1]
NRF_IO_Init             0x00001d31   0x96  Code  Gb  NRF24L01.o [1]
NRF_IO_MemberSet        0x00001ce1    0x8  Code  Gb  NRF24L01.o [1]
NRF_IO_Out              0x00001d03    0xe  Code  Gb  NRF24L01.o [1]
NRF_IO_Set              0x00001d11   0x10  Code  Gb  NRF24L01.o [1]
NmiSR                   0x00004a89    0x2  Code  Lc  startup_ewarm.o [1]
RX_Mode                 0x00001f8d   0x4a  Code  Gb  NRF24L01.o [1]
RdByte                  0x00002621   0x9a  Code  Gb  temp.o [1]
Region$$Table$$Base     0x000046e8          --   Gb  - Linker created -
Region$$Table$$Limit    0x0000470c          --   Gb  - Linker created -
SPI_RW                  0x00001e81   0x24  Code  Gb  NRF24L01.o [1]
SPI_RW_Reg              0x00001ea5   0x2e  Code  Gb  NRF24L01.o [1]
SPI_Read                0x00001ed3   0x2a  Code  Gb  NRF24L01.o [1]
SPI_Read_Buf            0x00001efd   0x4c  Code  Gb  NRF24L01.o [1]
SPI_Write_Buf           0x00001f49   0x44  Code  Gb  NRF24L01.o [1]
SSIConfigSetExpClk      0x00004251   0x4e  Code  Gb  ssi.o [4]
SSIDataGet              0x000042b9    0xc  Code  Gb  ssi.o [4]
SSIDataPut              0x000042ad    0xa  Code  Gb  ssi.o [4]
SSIEnable               0x000042a1    0xa  Code  Gb  ssi.o [4]
SourceAddress           0x2000041c    0x4  Data  Gb  main.o [1]
SysCtlADCSpeedSet       0x0000254d   0x40  Code  Gb  sysctl.o [4]
SysCtlClockGet          0x00002401  0x14c  Code  Gb  sysctl.o [4]
SysCtlClockSet          0x00002291  0x170  Code  Gb  sysctl.o [4]
SysCtlDelay             0x00002289    0x8  Code  Gb  sysctl.o [4]
SysCtlLDOSet            0x0000227d    0x6  Code  Gb  sysctl.o [4]
SysCtlPeripheralDisable
                        0x00002251   0x26  Code  Gb  sysctl.o [4]
SysCtlPeripheralEnable  0x00002229   0x26  Code  Gb  sysctl.o [4]
SysTickEnable           0x000045d5    0xe  Code  Gb  systick.o [4]
SysTickIntEnable        0x000045e5    0xe  Code  Gb  systick.o [4]
SysTickPeriodSet        0x000045f9    0x8  Code  Gb  systick.o [4]
SysTick_ISR             0x00003771   0xe8  Code  Gb  tick.o [1]
TX_ADDRESS              0x20000414    0x8  Data  Gb  NRF24L01.o [1]
TX_Mode                 0x00001fd7   0x5e  Code  Gb  NRF24L01.o [1]
TargetAddress           0x20000420    0x4  Data  Gb  main.o [1]
TheSysClock             0x20000428    0x4  Data  Gb  systemInit.o [1]
TimerConfigure          0x000043bd   0x1c  Code  Gb  timer.o [4]
TimerDisable            0x000043ad    0xc  Code  Gb  timer.o [4]
TimerEnable             0x000043a1    0xc  Code  Gb  timer.o [4]
TimerLoadSet            0x000043d9   0x12  Code  Gb  timer.o [4]
TimerMatchSet           0x000043ed   0x12  Code  Gb  timer.o [4]
UARTConfigSetExpClk     0x00004335   0x38  Code  Gb  uart.o [4]
UARTDisable             0x00004385   0x1c  Code  Gb  uart.o [4]
UARTEnable              0x0000436d   0x18  Code  Gb  uart.o [4]
WrByte                  0x000026bb   0x8c  Code  Gb  temp.o [1]
_GenldDefault           0x00001a45  0x24e  Code  Lc  xprintffull.o [3]
_LdtobDefault           0x00001631  0x40e  Code  Lc  xprintffull.o [3]
_LitobDefault           0x00001523  0x10e  Code  Lc  xprintffull.o [3]
_Printf                 0x0000101d  0x506  Code  Gb  xprintffull.o [3]
_PutcharsDefault        0x00001cad   0x32  Code  Lc  xprintffull.o [3]
_SProut                 0x00004a5f    0xa  Code  Gb  xsprout.o [3]
__aeabi_cdcmple         0x00004635         Code  Gb  DblCmpLe.o [5]
__aeabi_cdrcmple        0x00004665         Code  Gb  DblCmpGe.o [5]
__aeabi_d2iz            0x000044b5         Code  Gb  DblToI32.o [5]
__aeabi_d2uiz           0x000044e1         Code  Gb  DblToI32.o [5]
__aeabi_dadd            0x00003ef5         Code  Gb  DblAdd.o [5]
__aeabi_ddiv            0x00002e35         Code  Gb  DblDiv.o [5]
__aeabi_dmul            0x00003269         Code  Gb  DblMul.o [5]
__aeabi_dsub            0x0000359d         Code  Gb  DblSub.o [5]
__aeabi_i2d             0x00004695         Code  Gb  I32ToDbl.o [5]
__aeabi_ldiv0           0x00004a95         Code  Gb  I64DivZer.o [5]
__aeabi_ldivmod         0x000039e5         Code  Gb  I64DivMod.o [5]
__aeabi_memcpy          0x000042c5         Code  Gb  ABImemcpy.o [5]
__aeabi_memcpy4         0x000042df         Code  Gb  ABImemcpy.o [5]
__aeabi_memcpy8         0x000042df         Code  Gb  ABImemcpy.o [5]
__aeabi_ui2d            0x000046a9         Code  Gb  I32ToDbl.o [5]
__aeabi_uidivmod        0x00004a49         Code  Gb  I32DivMod.o [5]
__aeabi_uldivmod        0x000039f9         Code  Gb  I64DivMod.o [5]
__delayNuS              0x0000340d   0x18  Code  Gb  ZLG7289.o [1]
__exit                  0x00004819   0x14  Code  Gb  exit.o [6]
__iar_Dnorm             0x00003fdb   0xc6  Code  Gb  xdnorm.o [3]
__iar_Dscale            0x00003b15  0x108  Code  Gb  xdscale.o [3]
__iar_Memchr            0x0000445d         Code  Gb  memchr.o [5]
__iar_Strchr            0x000047b1         Code  Gb  strchr.o [5]
__iar_copy_init2        0x000046c3   0x24  Code  Gb  copy_init2.o [5]
__iar_d2uiz             0x000044eb         Code  Gb  DblToI32.o [5]
__iar_dadd              0x00003f07         Code  Gb  DblAdd.o [5]
__iar_data_init2        0x0000470d   0x20  Code  Gb  data_init2.o [5]
__iar_dsub              0x000035af         Code  Gb  DblSub.o [5]
__iar_dsubStart         0x000035c1         Code  Gb  DblSub.o [5]
__iar_program_start     0x00004799         Code  Gb  cmain.o [5]
__iar_sh_stdout_close   0x00004749   0x16  Code  Gb  iarwstd.o [6]
__iar_sh_stdout_handle  0x200004f0    0x4  Data  Lc  iarwstd.o [6]
__iar_ui2d              0x000046ab         Code  Gb  I32ToDbl.o [5]
__iar_zero_init2        0x00004765   0x1a  Code  Gb  zero_init2.o [5]
__low_level_init        0x00004a97    0x4  Code  Gb  low_level_init.o [3]
__vector_table          0x00000000  0x100  Data  Gb  startup_ewarm.o [1]
__zlg7289SPIRead        0x0000347f   0x52  Code  Gb  ZLG7289.o [1]
__zlg7289SPIWrite       0x00003425   0x5a  Code  Gb  ZLG7289.o [1]
_exit                   0x00004a55         Code  Gb  cexit.o [5]
_main                   0x000047ab         Code  Gb  cmain.o [5]
adcInit                 0x00003885   0x4a  Code  Gb  mq.o [1]
adcSample               0x000038cf   0x26  Code  Gb  mq.o [1]
buzzerInit              0x000040a1   0x20  Code  Gb  buzzer.o [1]
buzzerQuiet             0x00004111   0x20  Code  Gb  buzzer.o [1]
buzzerSound             0x000040c1   0x50  Code  Gb  buzzer.o [1]
clearAll                0x00002bd5   0x1e  Code  Gb  LCD12864.o [1]
clockInit               0x00004533   0x18  Code  Gb  systemInit.o [1]
code                    0x20000400   0x14  Data  Gb  main.o [1]
count                   0x200004d4    0x4  Data  Gb  count.o [1]
date                    0x2000042c    0x2  Data  Gb  main.o [1]
day                     0x200004ff    0x1  Data  Gb  tick.o [1]
decimal                 0x200004e8    0x4  Data  Gb  temp.o [1]
div                     0x00004901    0xe  Code  Gb  div.o [3]
exit                    0x00004a8f    0x6  Code  Gb  exit.o [3]
flag                    0x200004e0    0x4  Data  Gb  main.o [1]
flag1                   0x200004d8    0x4  Data  Gb  count.o [1]
flag2                   0x200004dc    0x4  Data  Gb  count.o [1]
flagPerson              0x200004d0    0x4  Data  Gb  count.o [1]
g_pulRCGCRegs           0x00004a3c    0xc  Data  Lc  sysctl.o [4]
g_pulXtals              0x00004400   0x5c  Data  Lc  sysctl.o [4]
hasPrintOnce            0x200004f9    0x1  Data  Gb  main.o [1]
hour                    0x2000042e    0x2  Data  Gb  main.o [1]
humanInit               0x00003c1d   0x20  Code  Gb  human.o [1]
humanSound              0x00003c3d   0xba  Code  Gb  human.o [1]
init_io                 0x00001e45   0x3c  Code  Gb  NRF24L01.o [1]
integer                 0x200004e4    0x4  Data  Gb  temp.o [1]
jtagWait                0x0000450d   0x26  Code  Gb  systemInit.o [1]
lcdByteWrite            0x00002c43   0x6c  Code  Gb  LCD12864.o [1]
lcdComdWrite            0x00002bf3   0x28  Code  Gb  LCD12864.o [1]
lcdDataWrite            0x00002c1b   0x28  Code  Gb  LCD12864.o [1]
lcdInit                 0x00002b71   0x64  Code  Gb  LCD12864.o [1]
lcdSetPos               0x00002caf   0x4c  Code  Gb  LCD12864.o [1]
lcdWriteStr             0x00002cfb  0x128  Code  Gb  LCD12864.o [1]
main                    0x000001e5  0xd30  Code  Gb  main.o [1]
meltInit                0x0000472d   0x12  Code  Gb  melt.o [1]
memchr                  0x0000445d         Code  Gb  memchr.o [5]
minute                  0x20000430    0x2  Data  Gb  main.o [1]
modebody                0x200004fd    0x1  Data  Gb  setMode.o [1]
modeforg                0x200004fe    0x1  Data  Gb  setMode.o [1]
mq_Alarm                0x000038f5   0xb2  Code  Gb  mq.o [1]
password                0x20000434    0x2  Data  Gb  password.o [1]
presence                0x200004fa    0x1  Data  Gb  main.o [1]
pressKeyCount           0x20000424    0x4  Data  Gb  main.o [1]
psw                     0x200004f4    0x2  Data  Gb  main.o [1]
pulStack                0x20000000  0x400  Data  Lc  startup_ewarm.o [1]
readTemp                0x00002747   0xe8  Code  Gb  temp.o [1]
receiveData             0x000020cd   0x74  Code  Gb  NRF24L01.o [1]
rx_buf                  0x20000458   0x14  Data  Gb  NRF24L01.o [1]
s                       0x20000438   0x20  Data  Gb  tick.o [1]
second                  0x20000432    0x2  Data  Gb  main.o [1]
sendCodeData            0x00002141   0x1e  Code  Gb  NRF24L01.o [1]
sendData                0x0000215f   0x78  Code  Gb  NRF24L01.o [1]
setBodyMode             0x00003d19   0x6c  Code  Gb  setMode.o [1]
setForgMode             0x00003d85   0x70  Code  Gb  setMode.o [1]
setTime                 0x0000371d   0x3e  Code  Gb  tick.o [1]
sprintf                 0x00004605   0x30  Code  Gb  sprintf.o [3]
ssiInit                 0x00001dc7   0x7e  Code  Gb  NRF24L01.o [1]
sta                     0x200004f6    0x1  Data  Gb  NRF24L01.o [1]
str                     0x200004b0    0xc  Data  Gb  count.o [1]
str_send                0x20000480    0xc  Data  Gb  NRF24L01.o [1]
strchr                  0x000047b1         Code  Gb  strchr.o [5]
strlen                  0x0000459d         Code  Gb  strlen.o [5]
sysTick_Init            0x0000375b   0x16  Code  Gb  tick.o [1]
temp                    0x200004bc    0xc  Data  Gb  main.o [1]
tempBuffer              0x200004c8    0x8  Data  Gb  temp.o [1]
tempToStr               0x0000282f   0x5e  Code  Gb  temp.o [1]
temp_portInit           0x00002607   0x1a  Code  Gb  temp.o [1]
time                    0x200004ec    0x4  Data  Gb  tick.o [1]
tx_buf                  0x2000046c   0x14  Data  Gb  NRF24L01.o [1]
uartInit                0x0000455d   0x30  Code  Gb  uartGetPut.o [1]
ucKey                   0x20000436    0x1  Data  Gb  main.o [1]
ucVal                   0x200004f7    0x1  Data  Gb  human.o [1]
zlg7289Cmd              0x000034d1   0x2e  Code  Gb  ZLG7289.o [1]
zlg7289Init             0x00003539   0x58  Code  Gb  ZLG7289.o [1]
zlg7289Key              0x000034ff   0x3a  Code  Gb  ZLG7289.o [1]


[1] = C:\Documents and Settings\Administrator\×ÀÃæ\2010Äêµç×ÓÉè¼Æ²ÎÈü³ÌÐò\×îÖÕ³ÌÐò ËÞÉá1\Debug\Obj
[2] = command line
[3] = dl7M_tl_in.a
[4] = driverlib.a
[5] = rt7M_tl.a
[6] = shb_l.a

  18 066 bytes of readonly  code memory
   1 090 bytes of readonly  data memory
   1 280 bytes of readwrite data memory

Errors: none
Warnings: none
