###############################################################################
#                                                                             #
# IAR ELF Linker V5.40.0.51500/W32 for ARM              18/Jun/2010  14:02:11 #
# Copyright (C) 2007-2009 IAR Systems AB.                                     #
#                                                                             #
#    Output file  =  C:\Documents and Settings\Administrator\桌面\发送端\Debu #
#                    g\Exe\Demo.out                                           #
#    Map file     =  C:\Documents and Settings\Administrator\桌面\发送端\Debu #
#                    g\List\Demo.map                                          #
#    Command line =  "C:\Documents and Settings\Administrator\桌面\发送端\Deb #
#                    ug\Obj\NRF24L01.o" "C:\Documents and                     #
#                    Settings\Administrator\桌面\发送端\Debug\Obj\main.o"     #
#                    "C:\Documents and Settings\Administrator\桌面\发送端\Deb #
#                    ug\Obj\startup_ewarm.o" "C:\Documents and                #
#                    Settings\Administrator\桌面\发送端\Debug\Obj\systemInit. #
#                    o" "C:\Documents and Settings\Administrator\桌面\发送端\ #
#                    Debug\Obj\uartGetPut.o" "C:\Program Files\IAR            #
#                    Systems\Embedded Workbench 5.4\arm\lib\Luminary\driverli #
#                    b.a" -o "C:\Documents and Settings\Administrator\桌面\发 #
#                    送端\Debug\Exe\Demo.out" --map "C:\Documents and         #
#                    Settings\Administrator\桌面\发送端\Debug\List\Demo.map"  #
#                    --config "C:\Program Files\IAR Systems\Embedded          #
#                    Workbench 5.4\arm\config\Luminary\LM3S.icf"              #
#                    --semihosting --entry __iar_program_start                #
#                                                                             #
#                                                                             #
###############################################################################

*******************************************************************************
*** PLACEMENT SUMMARY
***

"A1":  place at start of [0x00000000-0x0003ffff] { ro section .intvec };
"P1":  place in [from 0x00000000 to 0x0003ffff] { ro };
"P2":  place in [from 0x20000000 to 0x2000ffff] { rw, block HEAP };

  Section            Kind        Address    Size  Object
  -------            ----        -------    ----  ------
"A1":                                      0x100
  .intvec            const    0x00000000   0x100  startup_ewarm.o [1]
                            - 0x00000100   0x100

"P1":                                     0x1038
  .text              ro code  0x00000100   0x6e4  NRF24L01.o [1]
  .text              ro code  0x000007e4   0x324  sysctl.o [4]
  .text              ro code  0x00000b08   0x2a4  gpio.o [4]
  .text              ro code  0x00000dac    0x88  interrupt.o [4]
  .text              ro code  0x00000e34    0x74  ssi.o [4]
  .text              ro code  0x00000ea8    0x6c  uart.o [4]
  .rodata            const    0x00000f14    0x5c  sysctl.o [4]
  .text              ro code  0x00000f70    0x50  systemInit.o [1]
  .text              ro code  0x00000fc0    0x40  uartGetPut.o [1]
  .text              ro code  0x00001000    0x24  copy_init2.o [5]
  .iar.init_table    const    0x00001024    0x24  - Linker created -
  .text              ro code  0x00001048    0x20  data_init2.o [5]
  .text              ro code  0x00001068    0x1c  iarwstd.o [6]
  .text              ro code  0x00001084    0x1a  zero_init2.o [5]
  .text              ro code  0x000010a0    0x18  cmain.o [5]
  .text              ro code  0x000010b8    0x18  main.o [1]
  .text              ro code  0x000010d0    0x14  exit.o [6]
  CODE               ro code  0x000010e4    0x14  cpu.o [4]
  .rodata            const    0x000010f8     0xc  sysctl.o [4]
  .text              ro code  0x00001104     0xc  I32DivMod.o [5]
  .text              ro code  0x00001110     0xa  cexit.o [5]
  .text              ro code  0x0000111a     0x6  startup_ewarm.o [1]
  .text              ro code  0x00001120     0x6  exit.o [3]
  .text              ro code  0x00001126     0x4  low_level_init.o [3]
  Initializer bytes  ro data  0x0000112c     0xc  <for P2 s0>
                            - 0x00001138  0x1038

"P2", part 1 of 3:                         0x400
  .noinit            uninit   0x20000000   0x400  startup_ewarm.o [1]
                            - 0x20000400   0x400

"P2", part 2 of 3:                          0x40
  .bss               zero     0x20000400    0x14  NRF24L01.o [1]
  .bss               zero     0x20000414     0xc  NRF24L01.o [1]
  .bss               zero     0x20000420     0xc  NRF24L01.o [1]
  .bss               zero     0x2000042c     0xc  NRF24L01.o [1]
  .bss               zero     0x20000438     0x4  iarwstd.o [6]
  .bss               zero     0x2000043c     0x1  NRF24L01.o [1]
                            - 0x2000043d    0x3d

"P2", part 3 of 3:                           0xc
  P2 s0                       0x20000440     0xc  <Init block>
    .data            inited   0x20000440     0x8  NRF24L01.o [1]
    .data            inited   0x20000448     0x4  systemInit.o [1]
                            - 0x2000044c     0xc


*******************************************************************************
*** INIT TABLE
***

          Address     Size
          -------     ----
Zero (__iar_zero_init2)
    1 destination range, total size 0x3d:
          0x20000400  0x3d

Copy (__iar_copy_init2)
    1 source range, total size 0xc (100% of destination):
          0x0000112c   0xc
    1 destination range, total size 0xc:
          0x20000440   0xc


*******************************************************************************
*** MODULE SUMMARY
***

    Module            ro code  ro data  rw data
    ------            -------  -------  -------
C:\Documents and Settings\Administrator\桌面\发送端\Debug\Obj: [1]
    NRF24L01.o          1 764        8       65
    main.o                 24
    startup_ewarm.o         6      256    1 024
    systemInit.o           80        4        4
    uartGetPut.o           64
    -------------------------------------------
    Total:              1 938      268    1 093

command line: [2]
    -------------------------------------------
    Total:

dl7M_tl_in.a: [3]
    exit.o                  6
    low_level_init.o        4
    -------------------------------------------
    Total:                 10

driverlib.a: [4]
    cpu.o                  20
    gpio.o                676
    interrupt.o           136
    ssi.o                 116
    sysctl.o              804      104
    uart.o                108
    -------------------------------------------
    Total:              1 860      104

rt7M_tl.a: [5]
    I32DivMod.o            12
    cexit.o                10
    cmain.o                24
    copy_init2.o           36
    data_init2.o           32
    zero_init2.o           26
    -------------------------------------------
    Total:                140

shb_l.a: [6]
    exit.o                 20
    iarwstd.o              28                 4
    -------------------------------------------
    Total:                 48                 4

    Gaps                    2
    Linker created                  38
-----------------------------------------------
    Grand Total:        3 998      410    1 097


*******************************************************************************
*** ENTRY LIST
***

Entry                      Address   Size  Type      Object
-----                      -------   ----  ----      ------
CE                      0x20000414    0xc  Data  Gb  NRF24L01.o [1]
CPUcpsid                0x000010e5         Code  Gb  cpu.o [4]
CPUcpsie                0x000010ed         Code  Gb  cpu.o [4]
CPUwfi                  0x000010f5         Code  Gb  cpu.o [4]
CSN                     0x20000420    0xc  Data  Gb  NRF24L01.o [1]
FaultISR                0x0000111d    0x2  Code  Lc  startup_ewarm.o [1]
GPIODirModeSet          0x00000b09   0x4c  Code  Gb  gpio.o [4]
GPIOIntTypeSet          0x00000b55   0x62  Code  Gb  gpio.o [4]
GPIOPadConfigSet        0x00000bb9  0x11e  Code  Gb  gpio.o [4]
GPIOPinIntClear         0x00000d01    0x8  Code  Gb  gpio.o [4]
GPIOPinIntEnable        0x00000cd9   0x12  Code  Gb  gpio.o [4]
GPIOPinIntStatus        0x00000ced   0x14  Code  Gb  gpio.o [4]
GPIOPinRead             0x00000d09    0x8  Code  Gb  gpio.o [4]
GPIOPinTypeGPIOInput    0x00000d1d   0x24  Code  Gb  gpio.o [4]
GPIOPinTypeGPIOOutput   0x00000d41   0x24  Code  Gb  gpio.o [4]
GPIOPinTypeSSI          0x00000d65   0x24  Code  Gb  gpio.o [4]
GPIOPinTypeUART         0x00000d89   0x24  Code  Gb  gpio.o [4]
GPIOPinWrite            0x00000d11    0xa  Code  Gb  gpio.o [4]
GPIO_Port_B_ISR         0x00000511  0x18a  Code  Gb  NRF24L01.o [1]
GPIO_Port_D_ISR         0x000006a1   0x7a  Code  Gb  NRF24L01.o [1]
GPIO_Port_F_ISR         0x000004b9   0x54  Code  Gb  NRF24L01.o [1]
GPIO_Port_G_ISR         0x00000721   0x7a  Code  Gb  NRF24L01.o [1]
IRQ                     0x2000042c    0xc  Data  Gb  NRF24L01.o [1]
IntDefaultHandler       0x0000111f    0x2  Code  Lc  startup_ewarm.o [1]
IntEnable               0x00000db9   0x74  Code  Gb  interrupt.o [4]
IntMasterEnable         0x00000dad    0xc  Code  Gb  interrupt.o [4]
LedInit                 0x000007a5   0x1c  Code  Gb  NRF24L01.o [1]
LedOff                  0x000007d3    0xe  Code  Gb  NRF24L01.o [1]
LedOn                   0x000007c5    0xe  Code  Gb  NRF24L01.o [1]
NRF_IO_Clr              0x00000141   0x10  Code  Gb  NRF24L01.o [1]
NRF_IO_Enable           0x00000109    0xc  Code  Gb  NRF24L01.o [1]
NRF_IO_In               0x00000115    0xe  Code  Gb  NRF24L01.o [1]
NRF_IO_Init             0x00000155  0x19c  Code  Gb  NRF24L01.o [1]
NRF_IO_MemberSet        0x00000101    0x8  Code  Gb  NRF24L01.o [1]
NRF_IO_Out              0x00000123    0xe  Code  Gb  NRF24L01.o [1]
NRF_IO_Set              0x00000131   0x10  Code  Gb  NRF24L01.o [1]
NmiSR                   0x0000111b    0x2  Code  Lc  startup_ewarm.o [1]
Region$$Table$$Base     0x00001024          --   Gb  - Linker created -
Region$$Table$$Limit    0x00001048          --   Gb  - Linker created -
SPI_RW                  0x00000385   0x20  Code  Gb  NRF24L01.o [1]
SPI_RW_Reg              0x000003ad   0x2a  Code  Gb  NRF24L01.o [1]
SPI_Read                0x000003d7   0x26  Code  Gb  NRF24L01.o [1]
SPI_Write_Buf           0x000003fd   0x44  Code  Gb  NRF24L01.o [1]
SSIConfigSetExpClk      0x00000e35   0x4e  Code  Gb  ssi.o [4]
SSIDataGet              0x00000e9d    0xc  Code  Gb  ssi.o [4]
SSIDataPut              0x00000e91    0xa  Code  Gb  ssi.o [4]
SSIEnable               0x00000e85    0xa  Code  Gb  ssi.o [4]
SysCtlClockGet          0x000009bd  0x14c  Code  Gb  sysctl.o [4]
SysCtlClockSet          0x0000084d  0x170  Code  Gb  sysctl.o [4]
SysCtlDelay             0x00000845    0x8  Code  Gb  sysctl.o [4]
SysCtlLDOSet            0x00000839    0x6  Code  Gb  sysctl.o [4]
SysCtlPeripheralDisable
                        0x0000080d   0x26  Code  Gb  sysctl.o [4]
SysCtlPeripheralEnable  0x000007e5   0x26  Code  Gb  sysctl.o [4]
TX_ADDRESS              0x20000440    0x8  Data  Gb  NRF24L01.o [1]
TX_Mode                 0x00000449   0x64  Code  Gb  NRF24L01.o [1]
TheSysClock             0x20000448    0x4  Data  Gb  systemInit.o [1]
UARTConfigSetExpClk     0x00000ea9   0x38  Code  Gb  uart.o [4]
UARTDisable             0x00000ef9   0x1c  Code  Gb  uart.o [4]
UARTEnable              0x00000ee1   0x18  Code  Gb  uart.o [4]
__aeabi_uidivmod        0x00001105         Code  Gb  I32DivMod.o [5]
__exit                  0x000010d1   0x14  Code  Gb  exit.o [6]
__iar_copy_init2        0x00001001   0x24  Code  Gb  copy_init2.o [5]
__iar_data_init2        0x00001049   0x20  Code  Gb  data_init2.o [5]
__iar_program_start     0x000010a1         Code  Gb  cmain.o [5]
__iar_sh_stdout_close   0x00001069   0x16  Code  Gb  iarwstd.o [6]
__iar_sh_stdout_handle  0x20000438    0x4  Data  Lc  iarwstd.o [6]
__iar_zero_init2        0x00001085   0x1a  Code  Gb  zero_init2.o [5]
__low_level_init        0x00001127    0x4  Code  Gb  low_level_init.o [3]
__vector_table          0x00000000  0x100  Data  Gb  startup_ewarm.o [1]
_exit                   0x00001111         Code  Gb  cexit.o [5]
_main                   0x000010b3         Code  Gb  cmain.o [5]
clockInit               0x00000fa1   0x20  Code  Gb  systemInit.o [1]
exit                    0x00001121    0x6  Code  Gb  exit.o [3]
g_pulRCGCRegs           0x000010f8    0xc  Data  Lc  sysctl.o [4]
g_pulXtals              0x00000f14   0x5c  Data  Lc  sysctl.o [4]
init_io                 0x00000369   0x1c  Code  Gb  NRF24L01.o [1]
jtagWait                0x00000f71   0x30  Code  Gb  systemInit.o [1]
main                    0x000010b9   0x18  Code  Gb  main.o [1]
pulStack                0x20000000  0x400  Data  Lc  startup_ewarm.o [1]
ssiInit                 0x000002f1   0x78  Code  Gb  NRF24L01.o [1]
sta                     0x2000043c    0x1  Data  Gb  NRF24L01.o [1]
tx_buf                  0x20000400   0x14  Data  Gb  NRF24L01.o [1]
uartInit                0x00000fc1   0x3c  Code  Gb  uartGetPut.o [1]


[1] = C:\Documents and Settings\Administrator\桌面\发送端\Debug\Obj
[2] = command line
[3] = dl7M_tl_in.a
[4] = driverlib.a
[5] = rt7M_tl.a
[6] = shb_l.a

  3 998 bytes of readonly  code memory
    410 bytes of readonly  data memory
  1 097 bytes of readwrite data memory

Errors: none
Warnings: none
