###############################################################################
#                                                                             #
# IAR ELF Linker V5.41.0.51741/W32 for ARM              06/Jun/2011  13:27:25 #
# Copyright (C) 2007-2009 IAR Systems AB.                                     #
#                                                                             #
#    Output file  =  F:\logistics\smartlogistics5.11\smartcar\car_receive\Deb #
#                    ug\Exe\Demo.out                                          #
#    Map file     =  F:\logistics\smartlogistics5.11\smartcar\car_receive\Deb #
#                    ug\List\Demo.map                                         #
#    Command line =  "C:\Program Files\IAR Systems\Embedded Workbench         #
#                    5.4\arm\lib\Luminary\driverlib.a"                        #
#                    F:\logistics\smartlogistics5.11\smartcar\car_receive\Deb #
#                    ug\Obj\NRF24L01.o F:\logistics\smartlogistics5.11\smartc #
#                    ar\car_receive\Debug\Obj\car.o                           #
#                    F:\logistics\smartlogistics5.11\smartcar\car_receive\Deb #
#                    ug\Obj\lcd12864.o F:\logistics\smartlogistics5.11\smartc #
#                    ar\car_receive\Debug\Obj\main.o                          #
#                    F:\logistics\smartlogistics5.11\smartcar\car_receive\Deb #
#                    ug\Obj\startup_ewarm.o F:\logistics\smartlogistics5.11\s #
#                    martcar\car_receive\Debug\Obj\systemInit.o -o            #
#                    F:\logistics\smartlogistics5.11\smartcar\car_receive\Deb #
#                    ug\Exe\Demo.out --map F:\logistics\smartlogistics5.11\sm #
#                    artcar\car_receive\Debug\List\Demo.map --config          #
#                    F:\logistics\smartlogistics5.11\smartcar\car_receive\LM3 #
#                    S.icf --semihosting --entry __iar_program_start          #
#                                                                             #
#                                                                             #
###############################################################################

*******************************************************************************
*** RUNTIME MODEL ATTRIBUTES
***

__endian      = little
__thumb_aware = enabled


*******************************************************************************
*** PLACEMENT SUMMARY
***

"A1":  place at start of [0x00000000-0x0003ffff] { ro section .intvec };
"P1":  place in [from 0x00000000 to 0x0003ffff] { ro };
"P2":  place in [from 0x20000000 to 0x2000ffff] { rw, block HEAP };

  Section            Kind        Address    Size  Object
  -------            ----        -------    ----  ------
"A1":                                      0x100
  .intvec            const    0x00000000   0x100  startup_ewarm.o [1]
                            - 0x00000100   0x100

"P1":                                     0x2d60
  .text              ro code  0x00000100   0xcc2  xprintffull.o [3]
  .text              ro code  0x00000dc4   0x39c  NRF24L01.o [1]
  .text              ro code  0x00001160   0x348  main.o [1]
  .text              ro code  0x000014a8   0x324  sysctl.o [4]
  .text              ro code  0x000017cc   0x2b0  lcd12864.o [1]
  .text              ro code  0x00001a7c   0x2a4  gpio.o [4]
  .text              ro code  0x00001d20   0x246  DblDiv.o [5]
  .text              ro code  0x00001f68   0x1a2  DblMul.o [5]
  .text              ro code  0x0000210c   0x17e  DblSub.o [5]
  .text              ro code  0x0000228c   0x12e  I64DivMod.o [5]
  .text              ro code  0x000023bc   0x114  car.o [1]
  .text              ro code  0x000024d0   0x108  xdscale.o [3]
  .text              ro code  0x000025d8    0xe6  DblAdd.o [5]
  .text              ro code  0x000026be    0xc6  xdnorm.o [3]
  .text              ro code  0x00002784    0x90  DblToFlt.o [5]
  .text              ro code  0x00002814    0x88  interrupt.o [4]
  .text              ro code  0x0000289c    0x74  ssi.o [4]
  .text              ro code  0x00002910    0x74  timer.o [4]
  .text              ro code  0x00002984    0x70  ABImemcpy.o [5]
  .rodata            const    0x000029f4    0x5c  sysctl.o [4]
  .text              ro code  0x00002a50    0x58  memchr.o [5]
  .text              ro code  0x00002aa8    0x56  DblToI32.o [5]
  .text              ro code  0x00002b00    0x50  systemInit.o [1]
  .text              ro code  0x00002b50    0x4e  FltToDbl.o [5]
  .text              ro code  0x00002ba0    0x36  strlen.o [5]
  .text              ro code  0x00002bd8    0x30  systick.o [4]
  .text              ro code  0x00002c08    0x30  sprintf.o [3]
  .text              ro code  0x00002c38    0x2e  I32ToDbl.o [5]
  .text              ro code  0x00002c68    0x2e  DblCmpLe.o [5]
  .text              ro code  0x00002c98    0x2e  DblCmpGe.o [5]
  .text              ro code  0x00002cc6    0x24  copy_init2.o [5]
  .iar.init_table    const    0x00002cec    0x24  - Linker created -
  .text              ro code  0x00002d10    0x20  data_init2.o [5]
  .text              ro code  0x00002d30    0x1c  iarwstd.o [6]
  .text              ro code  0x00002d4c    0x1a  zero_init2.o [5]
  .text              ro code  0x00002d68    0x18  cmain.o [5]
  .text              ro code  0x00002d80    0x16  strchr.o [5]
  .text              ro code  0x00002d98    0x14  exit.o [6]
  CODE               ro code  0x00002dac    0x14  cpu.o [4]
  .rodata            const    0x00002dc0    0x10  main.o [1]
  .rodata            const    0x00002dd0    0x10  main.o [1]
  .rodata            const    0x00002de0    0x10  main.o [1]
  .rodata            const    0x00002df0    0x10  main.o [1]
  .text              ro code  0x00002e00     0xe  div.o [3]
  .rodata            const    0x00002e10     0xc  sysctl.o [4]
  .text              ro code  0x00002e1c     0xa  cexit.o [5]
  .text              ro code  0x00002e26     0xa  xsprout.o [3]
  .rodata            const    0x00002e30     0x8  main.o [1]
  .rodata            const    0x00002e38     0x8  xprintffull.o [3]
  .text              ro code  0x00002e40     0x6  startup_ewarm.o [1]
  .text              ro code  0x00002e46     0x6  exit.o [3]
  .text              ro code  0x00002e4c     0x2  I64DivZer.o [5]
  .text              ro code  0x00002e4e     0x4  low_level_init.o [3]
  Initializer bytes  ro data  0x00002e54     0xc  <for P2 s0>
                            - 0x00002e60  0x2d60

"P2", part 1 of 3:                         0x400
  .noinit            uninit   0x20000000   0x400  startup_ewarm.o [1]
                            - 0x20000400   0x400

"P2", part 2 of 3:                           0xc
  P2 s0                       0x20000400     0xc  <Init block>
    .data            inited   0x20000400     0x8  NRF24L01.o [1]
    .data            inited   0x20000408     0x4  systemInit.o [1]
                            - 0x2000040c     0xc

"P2", part 3 of 3:                          0x60
  .bss               zero     0x2000040c    0x14  NRF24L01.o [1]
  .bss               zero     0x20000420    0x14  NRF24L01.o [1]
  .bss               zero     0x20000434     0xc  NRF24L01.o [1]
  .bss               zero     0x20000440     0xc  NRF24L01.o [1]
  .bss               zero     0x2000044c     0xc  NRF24L01.o [1]
  .bss               zero     0x20000458     0x4  main.o [1]
  .bss               zero     0x2000045c     0x4  main.o [1]
  .bss               zero     0x20000460     0x4  main.o [1]
  .bss               zero     0x20000464     0x4  iarwstd.o [6]
  .bss               zero     0x20000468     0x1  NRF24L01.o [1]
  .bss               zero     0x20000469     0x1  NRF24L01.o [1]
                            - 0x2000046a    0x5e


*******************************************************************************
*** INIT TABLE
***

          Address     Size
          -------     ----
Zero (__iar_zero_init2)
    1 destination range, total size 0x5e:
          0x2000040c  0x5e

Copy (__iar_copy_init2)
    1 source range, total size 0xc (100% of destination):
          0x00002e54   0xc
    1 destination range, total size 0xc:
          0x20000400   0xc


*******************************************************************************
*** MODULE SUMMARY
***

    Module            ro code  ro data  rw data
    ------            -------  -------  -------
F:\logistics\smartlogistics5.11\smartcar\car_receive\Debug\Obj: [1]
    NRF24L01.o            924        8       86
    car.o                 276
    lcd12864.o            688
    main.o                840       72       12
    startup_ewarm.o         6      256    1 024
    systemInit.o           80        4        4
    -------------------------------------------
    Total:              2 814      340    1 126

command line: [2]
    -------------------------------------------
    Total:

dl7M_tl_in.a: [3]
    div.o                  14
    exit.o                  6
    low_level_init.o        4
    sprintf.o              48
    xdnorm.o              198
    xdscale.o             264
    xprintffull.o       3 266        8
    xsprout.o              10
    -------------------------------------------
    Total:              3 810        8

driverlib.a: [4]
    cpu.o                  20
    gpio.o                676
    interrupt.o           136
    ssi.o                 116
    sysctl.o              804      104
    systick.o              48
    timer.o               116
    -------------------------------------------
    Total:              1 916      104

rt7M_tl.a: [5]
    ABImemcpy.o           112
    DblAdd.o              230
    DblCmpGe.o             46
    DblCmpLe.o             46
    DblDiv.o              582
    DblMul.o              418
    DblSub.o              382
    DblToFlt.o            144
    DblToI32.o             86
    FltToDbl.o             78
    I32ToDbl.o             46
    I64DivMod.o           302
    I64DivZer.o             2
    cexit.o                10
    cmain.o                24
    copy_init2.o           36
    data_init2.o           32
    memchr.o               88
    strchr.o               22
    strlen.o               54
    zero_init2.o           26
    -------------------------------------------
    Total:              2 766

shb_l.a: [6]
    exit.o                 20
    iarwstd.o              28                 4
    -------------------------------------------
    Total:                 48                 4

    Gaps                   24        4
    Linker created                  38
-----------------------------------------------
    Grand Total:       11 378      494    1 130


*******************************************************************************
*** ENTRY LIST
***

Entry                      Address   Size  Type      Object
-----                      -------   ----  ----      ------
CE                      0x20000434    0xc  Data  Gb  NRF24L01.o [1]
CPUcpsid                0x00002dad         Code  Gb  cpu.o [4]
CPUcpsie                0x00002db5         Code  Gb  cpu.o [4]
CPUwfi                  0x00002dbd         Code  Gb  cpu.o [4]
CSN                     0x20000440    0xc  Data  Gb  NRF24L01.o [1]
Car_Init                0x000023bd   0x7e  Code  Gb  car.o [1]
FaultISR                0x00002e43    0x2  Code  Lc  startup_ewarm.o [1]
Forward                 0x0000249b    0xc  Code  Gb  car.o [1]
GPIODirModeSet          0x00001a7d   0x4c  Code  Gb  gpio.o [4]
GPIOIntTypeSet          0x00001ac9   0x62  Code  Gb  gpio.o [4]
GPIOPadConfigSet        0x00001b2d  0x11e  Code  Gb  gpio.o [4]
GPIOPinIntClear         0x00001c75    0x8  Code  Gb  gpio.o [4]
GPIOPinIntEnable        0x00001c4d   0x12  Code  Gb  gpio.o [4]
GPIOPinIntStatus        0x00001c61   0x14  Code  Gb  gpio.o [4]
GPIOPinRead             0x00001c7d    0x8  Code  Gb  gpio.o [4]
GPIOPinTypeGPIOInput    0x00001c91   0x24  Code  Gb  gpio.o [4]
GPIOPinTypeGPIOOutput   0x00001cb5   0x24  Code  Gb  gpio.o [4]
GPIOPinTypeSSI          0x00001cd9   0x24  Code  Gb  gpio.o [4]
GPIOPinTypeTimer        0x00001cfd   0x24  Code  Gb  gpio.o [4]
GPIOPinWrite            0x00001c85    0xa  Code  Gb  gpio.o [4]
GPIO_Port_A_ISR         0x000010a5   0x5a  Code  Gb  NRF24L01.o [1]
GPIO_Port_D_ISR         0x000012ef   0x6e  Code  Gb  main.o [1]
IRQ                     0x2000044c    0xc  Data  Gb  NRF24L01.o [1]
IntDefaultHandler       0x00002e45    0x2  Code  Lc  startup_ewarm.o [1]
IntEnable               0x00002821   0x74  Code  Gb  interrupt.o [4]
IntMasterEnable         0x00002815    0xc  Code  Gb  interrupt.o [4]
L_Forward               0x0000243b   0x18  Code  Gb  car.o [1]
L_Stop                  0x0000246b   0x18  Code  Gb  car.o [1]
LedInit                 0x000010ff   0x1c  Code  Gb  NRF24L01.o [1]
LedOn                   0x0000111b    0xe  Code  Gb  NRF24L01.o [1]
NRF_IO_Clr              0x00000e05   0x10  Code  Gb  NRF24L01.o [1]
NRF_IO_Enable           0x00000dcd    0xc  Code  Gb  NRF24L01.o [1]
NRF_IO_In               0x00000dd9    0xe  Code  Gb  NRF24L01.o [1]
NRF_IO_Init             0x00000e15   0x96  Code  Gb  NRF24L01.o [1]
NRF_IO_MemberSet        0x00000dc5    0x8  Code  Gb  NRF24L01.o [1]
NRF_IO_Out              0x00000de7    0xe  Code  Gb  NRF24L01.o [1]
NRF_IO_Set              0x00000df5   0x10  Code  Gb  NRF24L01.o [1]
NmiSR                   0x00002e41    0x2  Code  Lc  startup_ewarm.o [1]
RX_Mode                 0x0000105b   0x4a  Code  Gb  NRF24L01.o [1]
R_Forward               0x00002453   0x18  Code  Gb  car.o [1]
R_Stop                  0x00002483   0x18  Code  Gb  car.o [1]
Region$$Table$$Base     0x00002cec          --   Gb  - Linker created -
Region$$Table$$Limit    0x00002d10          --   Gb  - Linker created -
SPI_RW                  0x00000f5d   0x20  Code  Gb  NRF24L01.o [1]
SPI_RW_Reg              0x00000f7d   0x2a  Code  Gb  NRF24L01.o [1]
SPI_Read                0x00000fa7   0x26  Code  Gb  NRF24L01.o [1]
SPI_Read_Buf            0x00000fcd   0x4a  Code  Gb  NRF24L01.o [1]
SPI_Write_Buf           0x00001017   0x44  Code  Gb  NRF24L01.o [1]
SSIConfigSetExpClk      0x0000289d   0x4e  Code  Gb  ssi.o [4]
SSIDataGet              0x00002905    0xc  Code  Gb  ssi.o [4]
SSIDataPut              0x000028f9    0xa  Code  Gb  ssi.o [4]
SSIEnable               0x000028ed    0xa  Code  Gb  ssi.o [4]
Stop                    0x000024a7    0xc  Code  Gb  car.o [1]
SysCtlClockGet          0x00001681  0x14c  Code  Gb  sysctl.o [4]
SysCtlClockSet          0x00001511  0x170  Code  Gb  sysctl.o [4]
SysCtlDelay             0x00001509    0x8  Code  Gb  sysctl.o [4]
SysCtlLDOSet            0x000014fd    0x6  Code  Gb  sysctl.o [4]
SysCtlPeripheralDisable
                        0x000014d1   0x26  Code  Gb  sysctl.o [4]
SysCtlPeripheralEnable  0x000014a9   0x26  Code  Gb  sysctl.o [4]
SysTickEnable           0x00002bd9    0xe  Code  Gb  systick.o [4]
SysTickIntEnable        0x00002be9    0xe  Code  Gb  systick.o [4]
SysTickPeriodSet        0x00002bfd    0x8  Code  Gb  systick.o [4]
SysTick_ISR             0x0000135d   0xf2  Code  Gb  main.o [1]
TX_ADDRESS              0x20000400    0x8  Data  Gb  NRF24L01.o [1]
TheSysClock             0x20000408    0x4  Data  Gb  systemInit.o [1]
TimerConfigure          0x00002921   0x1c  Code  Gb  timer.o [4]
TimerControlLevel       0x0000293d   0x20  Code  Gb  timer.o [4]
TimerEnable             0x00002911    0xc  Code  Gb  timer.o [4]
TimerLoadSet            0x0000295d   0x12  Code  Gb  timer.o [4]
TimerMatchSet           0x00002971   0x12  Code  Gb  timer.o [4]
_GenldDefault           0x00000b29  0x24e  Code  Lc  xprintffull.o [3]
_LdtobDefault           0x00000715  0x40e  Code  Lc  xprintffull.o [3]
_LitobDefault           0x00000607  0x10e  Code  Lc  xprintffull.o [3]
_Printf                 0x00000101  0x506  Code  Gb  xprintffull.o [3]
_PutcharsDefault        0x00000d91   0x32  Code  Lc  xprintffull.o [3]
_SProut                 0x00002e27    0xa  Code  Gb  xsprout.o [3]
__aeabi_cdcmple         0x00002c69         Code  Gb  DblCmpLe.o [5]
__aeabi_cdrcmple        0x00002c99         Code  Gb  DblCmpGe.o [5]
__aeabi_d2f             0x00002785         Code  Gb  DblToFlt.o [5]
__aeabi_d2iz            0x00002aa9         Code  Gb  DblToI32.o [5]
__aeabi_d2uiz           0x00002ad5         Code  Gb  DblToI32.o [5]
__aeabi_dadd            0x000025d9         Code  Gb  DblAdd.o [5]
__aeabi_ddiv            0x00001d21         Code  Gb  DblDiv.o [5]
__aeabi_dmul            0x00001f69         Code  Gb  DblMul.o [5]
__aeabi_dsub            0x0000210d         Code  Gb  DblSub.o [5]
__aeabi_f2d             0x00002b51         Code  Gb  FltToDbl.o [5]
__aeabi_i2d             0x00002c39         Code  Gb  I32ToDbl.o [5]
__aeabi_ldiv0           0x00002e4d         Code  Gb  I64DivZer.o [5]
__aeabi_ldivmod         0x0000228d         Code  Gb  I64DivMod.o [5]
__aeabi_memcpy          0x00002985         Code  Gb  ABImemcpy.o [5]
__aeabi_memcpy4         0x0000299f         Code  Gb  ABImemcpy.o [5]
__aeabi_memcpy8         0x0000299f         Code  Gb  ABImemcpy.o [5]
__aeabi_ui2d            0x00002c4d         Code  Gb  I32ToDbl.o [5]
__aeabi_uldivmod        0x000022a1         Code  Gb  I64DivMod.o [5]
__exit                  0x00002d99   0x14  Code  Gb  exit.o [6]
__iar_Dnorm             0x000026bf   0xc6  Code  Gb  xdnorm.o [3]
__iar_Dscale            0x000024d1  0x108  Code  Gb  xdscale.o [3]
__iar_Memchr            0x00002a51         Code  Gb  memchr.o [5]
__iar_Strchr            0x00002d81         Code  Gb  strchr.o [5]
__iar_copy_init2        0x00002cc7   0x24  Code  Gb  copy_init2.o [5]
__iar_d2uiz             0x00002adf         Code  Gb  DblToI32.o [5]
__iar_dadd              0x000025eb         Code  Gb  DblAdd.o [5]
__iar_data_init2        0x00002d11   0x20  Code  Gb  data_init2.o [5]
__iar_dsub              0x0000211f         Code  Gb  DblSub.o [5]
__iar_dsubStart         0x00002131         Code  Gb  DblSub.o [5]
__iar_program_start     0x00002d69         Code  Gb  cmain.o [5]
__iar_sh_stdout_close   0x00002d31   0x16  Code  Gb  iarwstd.o [6]
__iar_sh_stdout_handle  0x20000464    0x4  Data  Lc  iarwstd.o [6]
__iar_ui2d              0x00002c4f         Code  Gb  I32ToDbl.o [5]
__iar_zero_init2        0x00002d4d   0x1a  Code  Gb  zero_init2.o [5]
__low_level_init        0x00002e4f    0x4  Code  Gb  low_level_init.o [3]
__vector_table          0x00000000  0x100  Data  Gb  startup_ewarm.o [1]
_exit                   0x00002e1d         Code  Gb  cexit.o [5]
_main                   0x00002d7b         Code  Gb  cmain.o [5]
clockInit               0x00002b27   0x18  Code  Gb  systemInit.o [1]
div                     0x00002e01    0xe  Code  Gb  div.o [3]
exit                    0x00002e47    0x6  Code  Gb  exit.o [3]
flag                    0x20000468    0x1  Data  Gb  NRF24L01.o [1]
flag2                   0x2000045c    0x4  Data  Gb  main.o [1]
g_pulRCGCRegs           0x00002e10    0xc  Data  Lc  sysctl.o [4]
g_pulXtals              0x000029f4   0x5c  Data  Lc  sysctl.o [4]
i                       0x20000458    0x4  Data  Gb  main.o [1]
init_io                 0x00000f29   0x34  Code  Gb  NRF24L01.o [1]
jtagWait                0x00002b01   0x26  Code  Gb  systemInit.o [1]
lcdByteWrite            0x0000189b   0x6c  Code  Gb  lcd12864.o [1]
lcdComdWrite            0x00001849   0x2a  Code  Gb  lcd12864.o [1]
lcdDataWrite            0x00001873   0x28  Code  Gb  lcd12864.o [1]
lcdInit                 0x000017cd   0x7c  Code  Gb  lcd12864.o [1]
lcdSetPos               0x00001907   0x4c  Code  Gb  lcd12864.o [1]
lcdWriteStr             0x00001953  0x112  Code  Gb  lcd12864.o [1]
main                    0x000011e1  0x10e  Code  Gb  main.o [1]
memchr                  0x00002a51         Code  Gb  memchr.o [5]
pulStack                0x20000000  0x400  Data  Lc  startup_ewarm.o [1]
redInit                 0x00001161   0x1a  Code  Gb  main.o [1]
rx_buf                  0x2000040c   0x14  Data  Gb  NRF24L01.o [1]
sg90_Timer_Init         0x00001191   0x50  Code  Gb  main.o [1]
sprintf                 0x00002c09   0x30  Code  Gb  sprintf.o [3]
ssiInit                 0x00000eab   0x7e  Code  Gb  NRF24L01.o [1]
sta                     0x20000469    0x1  Data  Gb  NRF24L01.o [1]
strchr                  0x00002d81         Code  Gb  strchr.o [5]
strlen                  0x00002ba1         Code  Gb  strlen.o [5]
sysTick_Init            0x0000117b   0x16  Code  Gb  main.o [1]
time                    0x20000460    0x4  Data  Gb  main.o [1]
tx_buf                  0x20000420   0x14  Data  Gb  NRF24L01.o [1]


[1] = F:\logistics\smartlogistics5.11\smartcar\car_receive\Debug\Obj
[2] = command line
[3] = dl7M_tl_in.a
[4] = driverlib.a
[5] = rt7M_tl.a
[6] = shb_l.a

  11 378 bytes of readonly  code memory
     494 bytes of readonly  data memory
   1 130 bytes of readwrite data memory

Errors: none
Warnings: none
