###############################################################################
#                                                                             #
# IAR ELF Linker V5.40.0.51500/W32 for ARM              24/Sep/2010  10:48:10 #
# Copyright (C) 2007-2009 IAR Systems AB.                                     #
#                                                                             #
#    Output file  =  J:\所有程序备份\主控端ARM版程序\Debug\Exe\Demo.out       #
#    Map file     =  J:\所有程序备份\主控端ARM版程序\Debug\List\Demo.map      #
#    Command line =  "C:\Program Files\IAR Systems\Embedded Workbench         #
#                    5.4\arm\lib\Luminary\driverlib.a"                        #
#                    J:\所有程序备份\主控端ARM版程序\Debug\Obj\NRF24L01.o     #
#                    J:\所有程序备份\主控端ARM版程序\Debug\Obj\car.o          #
#                    J:\所有程序备份\主控端ARM版程序\Debug\Obj\lcd12864.o     #
#                    J:\所有程序备份\主控端ARM版程序\Debug\Obj\main.o         #
#                    J:\所有程序备份\主控端ARM版程序\Debug\Obj\startup_ewarm. #
#                    o J:\所有程序备份\主控端ARM版程序\Debug\Obj\systemInit.o #
#                     J:\所有程序备份\主控端ARM版程序\Debug\Obj\uartGetPut.o  #
#                    -o J:\所有程序备份\主控端ARM版程序\Debug\Exe\Demo.out    #
#                    --map J:\所有程序备份\主控端ARM版程序\Debug\List\Demo.ma #
#                    p --config "C:\Program Files\IAR Systems\Embedded        #
#                    Workbench 5.4\arm\config\Luminary\LM3S.icf"              #
#                    --semihosting --entry __iar_program_start                #
#                                                                             #
#                                                                             #
###############################################################################

*******************************************************************************
*** PLACEMENT SUMMARY
***

"A1":  place at start of [0x00000000-0x0003ffff] { ro section .intvec };
"P1":  place in [from 0x00000000 to 0x0003ffff] { ro };
"P2":  place in [from 0x20000000 to 0x2000ffff] { rw, block HEAP };

  Section            Kind        Address    Size  Object
  -------            ----        -------    ----  ------
"A1":                                      0x100
  .intvec            const    0x00000000   0x100  startup_ewarm.o [1]
                            - 0x00000100   0x100

"P1":                                     0x1288
  .text              ro code  0x00000100   0x484  NRF24L01.o [1]
  .text              ro code  0x00000584   0x324  sysctl.o [4]
  .text              ro code  0x000008a8   0x2b4  lcd12864.o [1]
  .text              ro code  0x00000b5c   0x29c  gpio.o [4]
  .text              ro code  0x00000df8    0xe8  uartGetPut.o [1]
  .text              ro code  0x00000ee0    0x94  uart.o [4]
  .text              ro code  0x00000f74    0x8c  main.o [1]
  .text              ro code  0x00001000    0x88  interrupt.o [4]
  .text              ro code  0x00001088    0x74  ssi.o [4]
  .rodata            const    0x000010fc    0x5c  sysctl.o [4]
  .text              ro code  0x00001158    0x50  systemInit.o [1]
  .text              ro code  0x000011a8    0x2a  uartGetPut.o [1]
  .text              ro code  0x000011d2    0x2a  uartGetPut.o [1]
  .text              ro code  0x000011fc    0x24  copy_init2.o [5]
  .text              ro code  0x00001220    0x22  uartGetPut.o [1]
  .iar.init_table    const    0x00001244    0x24  - Linker created -
  .text              ro code  0x00001268    0x20  data_init2.o [5]
  .text              ro code  0x00001288    0x1c  iarwstd.o [6]
  .text              ro code  0x000012a4    0x1a  zero_init2.o [5]
  .text              ro code  0x000012c0    0x18  cmain.o [5]
  .text              ro code  0x000012d8    0x14  exit.o [6]
  CODE               ro code  0x000012ec    0x14  cpu.o [4]
  .text              ro code  0x00001300    0x12  uartGetPut.o [1]
  .text              ro code  0x00001312    0x12  uartGetPut.o [1]
  .rodata            const    0x00001324     0xc  main.o [1]
  .rodata            const    0x00001330     0xc  sysctl.o [4]
  .text              ro code  0x0000133c     0xc  I32DivMod.o [5]
  .text              ro code  0x00001348     0xc  uartGetPut.o [1]
  .text              ro code  0x00001354     0xc  uartGetPut.o [1]
  .text              ro code  0x00001360     0xa  cexit.o [5]
  .text              ro code  0x0000136a     0x6  startup_ewarm.o [1]
  .text              ro code  0x00001370     0x6  exit.o [3]
  .text              ro code  0x00001376     0x4  low_level_init.o [3]
  Initializer bytes  ro data  0x0000137c     0xc  <for P2 s0>
                            - 0x00001388  0x1288

"P2", part 1 of 3:                         0x400
  .noinit            uninit   0x20000000   0x400  startup_ewarm.o [1]
                            - 0x20000400   0x400

"P2", part 2 of 3:                          0x54
  .bss               zero     0x20000400    0x14  NRF24L01.o [1]
  .bss               zero     0x20000414    0x14  NRF24L01.o [1]
  .bss               zero     0x20000428     0xc  NRF24L01.o [1]
  .bss               zero     0x20000434     0xc  NRF24L01.o [1]
  .bss               zero     0x20000440     0xc  NRF24L01.o [1]
  .bss               zero     0x2000044c     0x4  iarwstd.o [6]
  .bss               zero     0x20000450     0x1  NRF24L01.o [1]
  .bss               zero     0x20000451     0x1  NRF24L01.o [1]
                            - 0x20000452    0x52

"P2", part 3 of 3:                           0xc
  P2 s0                       0x20000454     0xc  <Init block>
    .data            inited   0x20000454     0x8  NRF24L01.o [1]
    .data            inited   0x2000045c     0x4  systemInit.o [1]
                            - 0x20000460     0xc


*******************************************************************************
*** INIT TABLE
***

          Address     Size
          -------     ----
Zero (__iar_zero_init2)
    1 destination range, total size 0x52:
          0x20000400  0x52

Copy (__iar_copy_init2)
    1 source range, total size 0xc (100% of destination):
          0x0000137c   0xc
    1 destination range, total size 0xc:
          0x20000454   0xc


*******************************************************************************
*** MODULE SUMMARY
***

    Module            ro code  ro data  rw data
    ------            -------  -------  -------
J:\所有程序备份\主控端ARM版程序\Debug\Obj: [1]
    NRF24L01.o          1 156        8       86
    lcd12864.o            692
    main.o                140       12
    startup_ewarm.o         6      256    1 024
    systemInit.o           80        4        4
    uartGetPut.o          410
    -------------------------------------------
    Total:              2 484      280    1 114

command line: [2]
    -------------------------------------------
    Total:

dl7M_tl_in.a: [3]
    exit.o                  6
    low_level_init.o        4
    -------------------------------------------
    Total:                 10

driverlib.a: [4]
    cpu.o                  20
    gpio.o                668
    interrupt.o           136
    ssi.o                 116
    sysctl.o              804      104
    uart.o                148
    -------------------------------------------
    Total:              1 892      104

rt7M_tl.a: [5]
    I32DivMod.o            12
    cexit.o                10
    cmain.o                24
    copy_init2.o           36
    data_init2.o           32
    zero_init2.o           26
    -------------------------------------------
    Total:                140

shb_l.a: [6]
    exit.o                 20
    iarwstd.o              28                 4
    -------------------------------------------
    Total:                 48                 4

    Gaps                    2        2
    Linker created                  38
-----------------------------------------------
    Grand Total:        4 576      424    1 118


*******************************************************************************
*** ENTRY LIST
***

Entry                      Address   Size  Type      Object
-----                      -------   ----  ----      ------
CE                      0x20000428    0xc  Data  Gb  NRF24L01.o [1]
CPUcpsid                0x000012ed         Code  Gb  cpu.o [4]
CPUcpsie                0x000012f5         Code  Gb  cpu.o [4]
CPUwfi                  0x000012fd         Code  Gb  cpu.o [4]
CSN                     0x20000434    0xc  Data  Gb  NRF24L01.o [1]
FaultISR                0x0000136d    0x2  Code  Lc  startup_ewarm.o [1]
GPIODirModeSet          0x00000b5d   0x4c  Code  Gb  gpio.o [4]
GPIOIntTypeSet          0x00000ba9   0x62  Code  Gb  gpio.o [4]
GPIOPadConfigSet        0x00000c0d  0x11e  Code  Gb  gpio.o [4]
GPIOPinIntEnable        0x00000d2d   0x12  Code  Gb  gpio.o [4]
GPIOPinIntStatus        0x00000d41   0x14  Code  Gb  gpio.o [4]
GPIOPinRead             0x00000d55    0x8  Code  Gb  gpio.o [4]
GPIOPinTypeGPIOInput    0x00000d69   0x24  Code  Gb  gpio.o [4]
GPIOPinTypeGPIOOutput   0x00000d8d   0x24  Code  Gb  gpio.o [4]
GPIOPinTypeSSI          0x00000db1   0x24  Code  Gb  gpio.o [4]
GPIOPinTypeUART         0x00000dd5   0x24  Code  Gb  gpio.o [4]
GPIOPinWrite            0x00000d5d    0xa  Code  Gb  gpio.o [4]
GPIO_Port_A_ISR         0x00000445   0x70  Code  Gb  NRF24L01.o [1]
IRQ                     0x20000440    0xc  Data  Gb  NRF24L01.o [1]
IntDefaultHandler       0x0000136f    0x2  Code  Lc  startup_ewarm.o [1]
IntEnable               0x0000100d   0x74  Code  Gb  interrupt.o [4]
IntMasterEnable         0x00001001    0xc  Code  Gb  interrupt.o [4]
LedInit                 0x000004b9   0x20  Code  Gb  NRF24L01.o [1]
LedOff                  0x000004e7    0xe  Code  Gb  NRF24L01.o [1]
LedOn                   0x000004d9    0xe  Code  Gb  NRF24L01.o [1]
NRF_IO_Clr              0x00000141   0x10  Code  Gb  NRF24L01.o [1]
NRF_IO_Enable           0x00000109    0xc  Code  Gb  NRF24L01.o [1]
NRF_IO_In               0x00000115    0xe  Code  Gb  NRF24L01.o [1]
NRF_IO_Init             0x00000151   0x84  Code  Gb  NRF24L01.o [1]
NRF_IO_MemberSet        0x00000101    0x8  Code  Gb  NRF24L01.o [1]
NRF_IO_Out              0x00000123    0xe  Code  Gb  NRF24L01.o [1]
NRF_IO_Set              0x00000131   0x10  Code  Gb  NRF24L01.o [1]
NmiSR                   0x0000136b    0x2  Code  Lc  startup_ewarm.o [1]
RX_Mode                 0x00000395   0x4a  Code  Gb  NRF24L01.o [1]
Region$$Table$$Base     0x00001244          --   Gb  - Linker created -
Region$$Table$$Limit    0x00001268          --   Gb  - Linker created -
SPI_RW                  0x00000289   0x20  Code  Gb  NRF24L01.o [1]
SPI_RW_Reg              0x000002b1   0x2a  Code  Gb  NRF24L01.o [1]
SPI_Read                0x000002db   0x26  Code  Gb  NRF24L01.o [1]
SPI_Read_Buf            0x00000301   0x4a  Code  Gb  NRF24L01.o [1]
SPI_Write_Buf           0x0000034b   0x44  Code  Gb  NRF24L01.o [1]
SSIConfigSetExpClk      0x00001089   0x4e  Code  Gb  ssi.o [4]
SSIDataGet              0x000010f1    0xc  Code  Gb  ssi.o [4]
SSIDataPut              0x000010e5    0xa  Code  Gb  ssi.o [4]
SSIEnable               0x000010d9    0xa  Code  Gb  ssi.o [4]
SysCtlClockGet          0x0000075d  0x14c  Code  Gb  sysctl.o [4]
SysCtlClockSet          0x000005ed  0x170  Code  Gb  sysctl.o [4]
SysCtlDelay             0x000005e5    0x8  Code  Gb  sysctl.o [4]
SysCtlLDOSet            0x000005d9    0x6  Code  Gb  sysctl.o [4]
SysCtlPeripheralDisable
                        0x000005ad   0x26  Code  Gb  sysctl.o [4]
SysCtlPeripheralEnable  0x00000585   0x26  Code  Gb  sysctl.o [4]
TX_ADDRESS              0x20000454    0x8  Data  Gb  NRF24L01.o [1]
TX_Mode                 0x000003df   0x5e  Code  Gb  NRF24L01.o [1]
TheSysClock             0x2000045c    0x4  Data  Gb  systemInit.o [1]
UARTCharGet             0x00000f5d    0xa  Code  Gb  uart.o [4]
UARTCharPut             0x00000f69    0xc  Code  Gb  uart.o [4]
UARTCharsAvail          0x00000f4d   0x10  Code  Gb  uart.o [4]
UARTConfigSetExpClk     0x00000ee1   0x38  Code  Gb  uart.o [4]
UARTDisable             0x00000f31   0x1c  Code  Gb  uart.o [4]
UARTEnable              0x00000f19   0x18  Code  Gb  uart.o [4]
_LocaleC_isalpha        0x00001221   0x22  Code  Gb  uartGetPut.o [1]
_LocaleC_islower        0x00001301   0x12  Code  Gb  uartGetPut.o [1]
_LocaleC_ispunct        0x000011a9   0x2a  Code  Gb  uartGetPut.o [1]
_LocaleC_isupper        0x00001313   0x12  Code  Gb  uartGetPut.o [1]
__aeabi_uidivmod        0x0000133d         Code  Gb  I32DivMod.o [5]
__exit                  0x000012d9   0x14  Code  Gb  exit.o [6]
__iar_copy_init2        0x000011fd   0x24  Code  Gb  copy_init2.o [5]
__iar_data_init2        0x00001269   0x20  Code  Gb  data_init2.o [5]
__iar_program_start     0x000012c1         Code  Gb  cmain.o [5]
__iar_sh_stdout_close   0x00001289   0x16  Code  Gb  iarwstd.o [6]
__iar_sh_stdout_handle  0x2000044c    0x4  Data  Lc  iarwstd.o [6]
__iar_zero_init2        0x000012a5   0x1a  Code  Gb  zero_init2.o [5]
__low_level_init        0x00001377    0x4  Code  Gb  low_level_init.o [3]
__vector_table          0x00000000  0x100  Data  Gb  startup_ewarm.o [1]
_exit                   0x00001361         Code  Gb  cexit.o [5]
_main                   0x000012d3         Code  Gb  cmain.o [5]
clearAll                0x00000911    0xa  Code  Gb  lcd12864.o [1]
clockInit               0x00001189   0x20  Code  Gb  systemInit.o [1]
exit                    0x00001371    0x6  Code  Gb  exit.o [3]
flag                    0x20000450    0x1  Data  Gb  NRF24L01.o [1]
g_pulRCGCRegs           0x00001330    0xc  Data  Lc  sysctl.o [4]
g_pulXtals              0x000010fc   0x5c  Data  Lc  sysctl.o [4]
init_io                 0x00000251   0x38  Code  Gb  NRF24L01.o [1]
isalpha                 0x00001349    0xc  Code  Gb  uartGetPut.o [1]
isprint                 0x000011d3   0x2a  Code  Gb  uartGetPut.o [1]
ispunct                 0x00001355    0xc  Code  Gb  uartGetPut.o [1]
jtagWait                0x00001159   0x30  Code  Gb  systemInit.o [1]
lcdByteWrite            0x0000096d   0x74  Code  Gb  lcd12864.o [1]
lcdComdWrite            0x0000091b   0x28  Code  Gb  lcd12864.o [1]
lcdDataWrite            0x00000943   0x28  Code  Gb  lcd12864.o [1]
lcdInit                 0x000008a9   0x68  Code  Gb  lcd12864.o [1]
lcdSetPos               0x000009e5   0x4c  Code  Gb  lcd12864.o [1]
lcdWriteStr             0x00000a31  0x12c  Code  Gb  lcd12864.o [1]
main                    0x00000f75   0x8c  Code  Gb  main.o [1]
pulStack                0x20000000  0x400  Data  Lc  startup_ewarm.o [1]
receiveData             0x000004f9   0x5e  Code  Gb  NRF24L01.o [1]
rx_buf                  0x20000400   0x14  Data  Gb  NRF24L01.o [1]
sendCodeData            0x00000561   0x1e  Code  Gb  NRF24L01.o [1]
ssiInit                 0x000001d9   0x74  Code  Gb  NRF24L01.o [1]
sta                     0x20000451    0x1  Data  Gb  NRF24L01.o [1]
tx_buf                  0x20000414   0x14  Data  Gb  NRF24L01.o [1]
uartGetc                0x00000e5b    0xc  Code  Gb  uartGetPut.o [1]
uartGets                0x00000e6d   0x74  Code  Gb  uartGetPut.o [1]
uartInit                0x00000df9   0x3c  Code  Gb  uartGetPut.o [1]
uartPutc                0x00000e35   0x10  Code  Gb  uartGetPut.o [1]
uartPuts                0x00000e45   0x16  Code  Gb  uartGetPut.o [1]


[1] = J:\所有程序备份\主控端ARM版程序\Debug\Obj
[2] = command line
[3] = dl7M_tl_in.a
[4] = driverlib.a
[5] = rt7M_tl.a
[6] = shb_l.a

  4 576 bytes of readonly  code memory
    424 bytes of readonly  data memory
  1 118 bytes of readwrite data memory

Errors: none
Warnings: none
